../Drivers/STM32F4xx_HAL_Driver/Src/stm32f4xx_hal_fmpsmbus.c:290:19:HAL_FMPSMBUS_Init	16	static
../Drivers/STM32F4xx_HAL_Driver/Src/stm32f4xx_hal_fmpsmbus.c:415:19:HAL_FMPSMBUS_DeInit	16	static
../Drivers/STM32F4xx_HAL_Driver/Src/stm32f4xx_hal_fmpsmbus.c:460:13:HAL_FMPSMBUS_MspInit	16	static
../Drivers/STM32F4xx_HAL_Driver/Src/stm32f4xx_hal_fmpsmbus.c:476:13:HAL_FMPSMBUS_MspDeInit	16	static
../Drivers/STM32F4xx_HAL_Driver/Src/stm32f4xx_hal_fmpsmbus.c:495:19:HAL_FMPSMBUS_ConfigAnalogFilter	16	static
../Drivers/STM32F4xx_HAL_Driver/Src/stm32f4xx_hal_fmpsmbus.c:539:19:HAL_FMPSMBUS_ConfigDigitalFilter	24	static
../Drivers/STM32F4xx_HAL_Driver/Src/stm32f4xx_hal_fmpsmbus.c:926:19:HAL_FMPSMBUS_Master_Transmit_IT	40	static
../Drivers/STM32F4xx_HAL_Driver/Src/stm32f4xx_hal_fmpsmbus.c:1064:19:HAL_FMPSMBUS_Master_Receive_IT	40	static
../Drivers/STM32F4xx_HAL_Driver/Src/stm32f4xx_hal_fmpsmbus.c:1161:19:HAL_FMPSMBUS_Master_Abort_IT	24	static
../Drivers/STM32F4xx_HAL_Driver/Src/stm32f4xx_hal_fmpsmbus.c:1226:19:HAL_FMPSMBUS_Slave_Transmit_IT	32	static
../Drivers/STM32F4xx_HAL_Driver/Src/stm32f4xx_hal_fmpsmbus.c:1324:19:HAL_FMPSMBUS_Slave_Receive_IT	32	static
../Drivers/STM32F4xx_HAL_Driver/Src/stm32f4xx_hal_fmpsmbus.c:1404:19:HAL_FMPSMBUS_EnableListen_IT	16	static
../Drivers/STM32F4xx_HAL_Driver/Src/stm32f4xx_hal_fmpsmbus.c:1420:19:HAL_FMPSMBUS_DisableListen_IT	16	static
../Drivers/STM32F4xx_HAL_Driver/Src/stm32f4xx_hal_fmpsmbus.c:1444:19:HAL_FMPSMBUS_EnableAlert_IT	16	static
../Drivers/STM32F4xx_HAL_Driver/Src/stm32f4xx_hal_fmpsmbus.c:1463:19:HAL_FMPSMBUS_DisableAlert_IT	16	static
../Drivers/STM32F4xx_HAL_Driver/Src/stm32f4xx_hal_fmpsmbus.c:1484:19:HAL_FMPSMBUS_IsDeviceReady	40	static
../Drivers/STM32F4xx_HAL_Driver/Src/stm32f4xx_hal_fmpsmbus.c:1625:6:HAL_FMPSMBUS_EV_IRQHandler	24	static
../Drivers/STM32F4xx_HAL_Driver/Src/stm32f4xx_hal_fmpsmbus.c:1703:6:HAL_FMPSMBUS_ER_IRQHandler	16	static
../Drivers/STM32F4xx_HAL_Driver/Src/stm32f4xx_hal_fmpsmbus.c:1714:13:HAL_FMPSMBUS_MasterTxCpltCallback	16	static
../Drivers/STM32F4xx_HAL_Driver/Src/stm32f4xx_hal_fmpsmbus.c:1730:13:HAL_FMPSMBUS_MasterRxCpltCallback	16	static
../Drivers/STM32F4xx_HAL_Driver/Src/stm32f4xx_hal_fmpsmbus.c:1745:13:HAL_FMPSMBUS_SlaveTxCpltCallback	16	static
../Drivers/STM32F4xx_HAL_Driver/Src/stm32f4xx_hal_fmpsmbus.c:1761:13:HAL_FMPSMBUS_SlaveRxCpltCallback	16	static
../Drivers/STM32F4xx_HAL_Driver/Src/stm32f4xx_hal_fmpsmbus.c:1779:13:HAL_FMPSMBUS_AddrCallback	16	static
../Drivers/STM32F4xx_HAL_Driver/Src/stm32f4xx_hal_fmpsmbus.c:1798:13:HAL_FMPSMBUS_ListenCpltCallback	16	static
../Drivers/STM32F4xx_HAL_Driver/Src/stm32f4xx_hal_fmpsmbus.c:1814:13:HAL_FMPSMBUS_ErrorCallback	16	static
../Drivers/STM32F4xx_HAL_Driver/Src/stm32f4xx_hal_fmpsmbus.c:1849:10:HAL_FMPSMBUS_GetState	16	static
../Drivers/STM32F4xx_HAL_Driver/Src/stm32f4xx_hal_fmpsmbus.c:1861:10:HAL_FMPSMBUS_GetError	16	static
../Drivers/STM32F4xx_HAL_Driver/Src/stm32f4xx_hal_fmpsmbus.c:1886:26:FMPSMBUS_Master_ISR	32	static
../Drivers/STM32F4xx_HAL_Driver/Src/stm32f4xx_hal_fmpsmbus.c:2176:26:FMPSMBUS_Slave_ISR	32	static
../Drivers/STM32F4xx_HAL_Driver/Src/stm32f4xx_hal_fmpsmbus.c:2444:13:FMPSMBUS_Enable_IRQ	24	static
../Drivers/STM32F4xx_HAL_Driver/Src/stm32f4xx_hal_fmpsmbus.c:2484:13:FMPSMBUS_Disable_IRQ	24	static
../Drivers/STM32F4xx_HAL_Driver/Src/stm32f4xx_hal_fmpsmbus.c:2556:13:FMPSMBUS_ITErrorHandler	32	static
../Drivers/STM32F4xx_HAL_Driver/Src/stm32f4xx_hal_fmpsmbus.c:2669:26:FMPSMBUS_WaitOnFlagUntilTimeout	32	static
../Drivers/STM32F4xx_HAL_Driver/Src/stm32f4xx_hal_fmpsmbus.c:2704:13:FMPSMBUS_Flush_TXDR	16	static
../Drivers/STM32F4xx_HAL_Driver/Src/stm32f4xx_hal_fmpsmbus.c:2740:13:FMPSMBUS_TransferConfig	24	static
../Drivers/STM32F4xx_HAL_Driver/Src/stm32f4xx_hal_fmpsmbus.c:2763:13:FMPSMBUS_ConvertOtherXferOptions	16	static
